// Jest Snapshot v1, https://goo.gl/fbAQLP

exports[`matches the snapshot 1`] = `
<div
  className="flex flex-col md:flex-col lg:flex-row xl:flex-row justify-center"
  id="contact"
>
  <div
    className="sm:h-full lg:h-screen px-20 xLarge"
  >
    <form
      className="bg-white px-4 pb-16 pt-5 "
    >
      <h1
        className="text-3xl normal text-green-100 pb-1"
      >
        translation:pages.contactus.form.title
         
      </h1>
      <div
        className="py-1"
      >
        <label
          className="text-sm"
        >
          translation:pages.contactus.form.name
        </label>
        <input
          className="shadow appearance-none border rounded w-full py-2 px-3 text-gray-700 leading-tight focus:outline-none focus:shadow-outline\\" id=\\"username"
          placeholder="translation:pages.contactus.form.name"
        />
      </div>
      <div
        className="py-1"
      >
        <label
          className="text-sm"
        >
          translation:pages.contactus.form.subject
        </label>
        <input
          className="shadow appearance-none border rounded w-full py-2 px-3 text-gray-700 leading-tight focus:outline-none focus:shadow-outline\\" id=\\"username"
          placeholder="translation:pages.contactus.form.subject"
        />
      </div>
      <div
        className="py-1"
      >
        <label
          className="text-sm"
        >
          translation:pages.contactus.form.email
        </label>
        <input
          className="shadow appearance-none border rounded w-full py-2 px-3 text-gray-700 leading-tight focus:outline-none focus:shadow-outline\\" id=\\"username"
          placeholder="translation:pages.contactus.form.email"
        />
      </div>
      <div
        className="py-1"
      >
        <label
          className="text-sm"
        >
          translation:pages.contactus.form.message
        </label>
        <textarea
          className="shadow appearance-none border rounded w-full py-2 px-3 text-gray-700 leading-tight focus:outline-none focus:shadow-outline\\" id=\\"username"
          placeholder="translation:pages.contactus.form.message"
        />
      </div>
      <div
        className=" text-center py-1"
      >
        <button
          className="bg-green-100 py-4 w-4/5 border rounded text-white "
          type="submit"
        >
          translation:pages.contactus.form.submit
        </button>
      </div>
    </form>
  </div>
  <div
    className="flex justify-center pt-10 lg:pt-0 lg:pb-20 lg:justify-start mb-4 items-center sm:h-full lg:h-screen xLarge"
    id="contact-text"
  >
    <div
      className="text-white w-3/4  "
    >
      <h1
        className="text-4xl"
      >
        translation:pages.contactus.title
      </h1>
      <p
        className="text-xl"
      >
         
        translation:pages.contactus.paragraph
      </p>
    </div>
  </div>
</div>
`;
