// Jest Snapshot v1, https://goo.gl/fbAQLP

exports[`matches the snapshot 1`] = `
<div
  className="sellersBuyers"
>
  <div
    className="text-center pt-24"
  >
    <h1
      className="text-3xl normal text-green-200"
    >
      translation:pages.home.how-it-works
    </h1>
    <span
      className="cursor-pointer"
      onClick={[Function]}
    >
      <h2
        className="text-2xl thin text-green-200 inline-block m-4 underline"
      >
        translation:pages.home.sellers
      </h2>
    </span>
    <span
      className="cursor-pointer"
      onClick={[Function]}
    >
      <h2
        className="text-2xl thin text-green-200 inline-block m-4"
      >
        translation:pages.home.buyers
      </h2>
    </span>
  </div>
  <div
    className="grid sm:row-gap-10 sm:grid-cols-1 md:grid-cols-2 lg:grid-cols-3 xl:grid-cols-3  col-gap-32 mx-32 my-20"
  >
    <div
      className="w-64 sm:pb-16 text-center undefined"
    >
      <img
        alt="translation:pages.home.post-your-offer"
        className="h-24 w-24 inline-block bg-green-400"
        src="seller1.jpg"
      />
      <h2
        className="text-2xl thin my-3"
      >
        translation:pages.home.post-your-offer
      </h2>
      <p
        className="text-base font-normal "
      >
        translation:pages.home.join-maketplace
      </p>
    </div>
    <div
      className="w-64 sm:pb-16 text-center undefined"
    >
      <img
        alt="translation:pages.home.best-price"
        className="h-24 w-24 inline-block bg-green-400"
        src="seller2.jpg"
      />
      <h2
        className="text-2xl thin my-3"
      >
        translation:pages.home.best-price
      </h2>
      <p
        className="text-base font-normal "
      >
        translation:pages.home.get-best-price
      </p>
    </div>
    <div
      className="w-64 sm:pb-16 text-center undefined"
    >
      <img
        alt="translation:pages.home.sell"
        className="h-24 w-24 inline-block bg-green-400"
        src="seller3.jpg"
      />
      <h2
        className="text-2xl thin my-3"
      >
        translation:pages.home.sell
      </h2>
      <p
        className="text-base font-normal "
      >
        translation:pages.home.sell-product
      </p>
    </div>
  </div>
  <div
    className="grid sm:row-gap-10 sm:grid-cols-1 md:grid-cols-2 lg:grid-cols-3 xl:grid-cols-3  col-gap-32 mx-32 my-20 hidden"
  >
    <div
      className="w-64 sm:pb-16 text-center undefined"
    >
      <img
        alt="translation:pages.home.buyer.looking-for"
        className="h-24 w-24 inline-block bg-green-400"
        src="buyer1.jpg"
      />
      <h2
        className="text-2xl thin my-3"
      >
        translation:pages.home.buyer.looking-for
      </h2>
      <p
        className="text-base font-normal "
      >
        translation:pages.home.buyer.browser
      </p>
    </div>
    <div
      className="w-64 sm:pb-16 text-center undefined"
    >
      <img
        alt="translation:pages.home.buyer.best-deal"
        className="h-24 w-24 inline-block bg-green-400"
        src="buyer2.jpg"
      />
      <h2
        className="text-2xl thin my-3"
      >
        translation:pages.home.buyer.best-deal
      </h2>
      <p
        className="text-base font-normal "
      >
        translation:pages.home.buyer.best-deal
      </p>
    </div>
    <div
      className="w-64 sm:pb-16 text-center undefined"
    >
      <img
        alt="translation:pages.home.buyer.buy-from-suppliers"
        className="h-24 w-24 inline-block bg-green-400"
        src="buyer3.jpg"
      />
      <h2
        className="text-2xl thin my-3"
      >
        translation:pages.home.buyer.buy-from-suppliers
      </h2>
      <p
        className="text-base font-normal "
      >
        translation:pages.home.buyer.buy-direct
      </p>
    </div>
  </div>
</div>
`;
